======================================================================
BALANCED 4-PARAMETER DATASET GENERATION (k_min, k_max, sigma, beta)
======================================================================
Output:     /home/davas/Documents/cnn_astro/data/raw/balanced_4param_128x128_100000.h5
Images:     100000
Resolution: 128x128x1 (Nyquist=64.0)
Workers:    15    Batch: 200
k_min:      U[1.0, 62.0]   (float)
k_max:      U[3.0, 64.0]   (float, gap=2.0)
sigma:      U[0.01, 5.0]
beta:       U[-3.0, -1.0]
======================================================================
/home/davas/Documents/cnn_astro/src/pyFC_lib/pyFC/mathtools.py:141: RuntimeWarning: invalid value encountered in sqrt
  return (np.exp(s*s) + 2)*np.sqrt(s*s - 1)
/home/davas/Documents/cnn_astro/src/pyFC_lib/pyFC/mathtools.py:141: RuntimeWarning: invalid value encountered in sqrt
  return (np.exp(s*s) + 2)*np.sqrt(s*s - 1)
/home/davas/Documents/cnn_astro/src/pyFC_lib/pyFC/mathtools.py:141: RuntimeWarning: invalid value encountered in sqrt
  return (np.exp(s*s) + 2)*np.sqrt(s*s - 1)
/home/davas/Documents/cnn_astro/src/pyFC_lib/pyFC/clouds.py:1238: RuntimeWarning: divide by zero encountered in power
  return np.where(np.greater_equal(np.abs(k), kmin), np.abs(k) ** (beta - 2.), 0)
/home/davas/Documents/cnn_astro/src/pyFC_lib/pyFC/clouds.py:1238: RuntimeWarning: divide by zero encountered in power
  return np.where(np.greater_equal(np.abs(k), kmin), np.abs(k) ** (beta - 2.), 0)
/home/davas/Documents/cnn_astro/src/pyFC_lib/pyFC/clouds.py:1238: RuntimeWarning: divide by zero encountered in power
  return np.where(np.greater_equal(np.abs(k), kmin), np.abs(k) ** (beta - 2.), 0)
/home/davas/Documents/cnn_astro/src/pyFC_lib/pyFC/clouds.py:1238: RuntimeWarning: divide by zero encountered in power
  return np.where(np.greater_equal(np.abs(k), kmin), np.abs(k) ** (beta - 2.), 0)
/home/davas/Documents/cnn_astro/src/pyFC_lib/pyFC/clouds.py:1238: RuntimeWarning: divide by zero encountered in power
  return np.where(np.greater_equal(np.abs(k), kmin), np.abs(k) ** (beta - 2.), 0)
/home/davas/Documents/cnn_astro/src/pyFC_lib/pyFC/clouds.py:1238: RuntimeWarning: divide by zero encountered in power
  return np.where(np.greater_equal(np.abs(k), kmin), np.abs(k) ** (beta - 2.), 0)
/home/davas/Documents/cnn_astro/src/pyFC_lib/pyFC/clouds.py:1238: RuntimeWarning: divide by zero encountered in power
  return np.where(np.greater_equal(np.abs(k), kmin), np.abs(k) ** (beta - 2.), 0)
/home/davas/Documents/cnn_astro/src/pyFC_lib/pyFC/clouds.py:1238: RuntimeWarning: divide by zero encountered in power
  return np.where(np.greater_equal(np.abs(k), kmin), np.abs(k) ** (beta - 2.), 0)
/home/davas/Documents/cnn_astro/src/pyFC_lib/pyFC/clouds.py:1238: RuntimeWarning: divide by zero encountered in power
  return np.where(np.greater_equal(np.abs(k), kmin), np.abs(k) ** (beta - 2.), 0)
/home/davas/Documents/cnn_astro/src/pyFC_lib/pyFC/clouds.py:1238: RuntimeWarning: divide by zero encountered in power
  return np.where(np.greater_equal(np.abs(k), kmin), np.abs(k) ** (beta - 2.), 0)
/home/davas/Documents/cnn_astro/src/pyFC_lib/pyFC/clouds.py:1238: RuntimeWarning: divide by zero encountered in power
  return np.where(np.greater_equal(np.abs(k), kmin), np.abs(k) ** (beta - 2.), 0)
/home/davas/Documents/cnn_astro/src/pyFC_lib/pyFC/clouds.py:1238: RuntimeWarning: divide by zero encountered in power
  return np.where(np.greater_equal(np.abs(k), kmin), np.abs(k) ** (beta - 2.), 0)
/home/davas/Documents/cnn_astro/src/pyFC_lib/pyFC/clouds.py:1238: RuntimeWarning: divide by zero encountered in power
  return np.where(np.greater_equal(np.abs(k), kmin), np.abs(k) ** (beta - 2.), 0)
/home/davas/Documents/cnn_astro/src/pyFC_lib/pyFC/clouds.py:1238: RuntimeWarning: divide by zero encountered in power
  return np.where(np.greater_equal(np.abs(k), kmin), np.abs(k) ** (beta - 2.), 0)
/home/davas/Documents/cnn_astro/src/pyFC_lib/pyFC/clouds.py:1238: RuntimeWarning: divide by zero encountered in power
  return np.where(np.greater_equal(np.abs(k), kmin), np.abs(k) ** (beta - 2.), 0)
/home/davas/Documents/cnn_astro/src/pyFC_lib/pyFC/mathtools.py:141: RuntimeWarning: invalid value encountered in sqrt
  return (np.exp(s*s) + 2)*np.sqrt(s*s - 1)
/home/davas/Documents/cnn_astro/src/pyFC_lib/pyFC/mathtools.py:141: RuntimeWarning: invalid value encountered in sqrt
  return (np.exp(s*s) + 2)*np.sqrt(s*s - 1)
/home/davas/Documents/cnn_astro/src/pyFC_lib/pyFC/mathtools.py:141: RuntimeWarning: invalid value encountered in sqrt
  return (np.exp(s*s) + 2)*np.sqrt(s*s - 1)
/home/davas/Documents/cnn_astro/src/pyFC_lib/pyFC/mathtools.py:141: RuntimeWarning: invalid value encountered in sqrt
  return (np.exp(s*s) + 2)*np.sqrt(s*s - 1)
/home/davas/Documents/cnn_astro/src/pyFC_lib/pyFC/mathtools.py:141: RuntimeWarning: invalid value encountered in sqrt
  return (np.exp(s*s) + 2)*np.sqrt(s*s - 1)
/home/davas/Documents/cnn_astro/src/pyFC_lib/pyFC/mathtools.py:141: RuntimeWarning: invalid value encountered in sqrt
  return (np.exp(s*s) + 2)*np.sqrt(s*s - 1)
/home/davas/Documents/cnn_astro/src/pyFC_lib/pyFC/mathtools.py:141: RuntimeWarning: invalid value encountered in sqrt
  return (np.exp(s*s) + 2)*np.sqrt(s*s - 1)
/home/davas/Documents/cnn_astro/src/pyFC_lib/pyFC/mathtools.py:141: RuntimeWarning: invalid value encountered in sqrt
  return (np.exp(s*s) + 2)*np.sqrt(s*s - 1)
/home/davas/Documents/cnn_astro/src/pyFC_lib/pyFC/mathtools.py:141: RuntimeWarning: invalid value encountered in sqrt
  return (np.exp(s*s) + 2)*np.sqrt(s*s - 1)
/home/davas/Documents/cnn_astro/src/pyFC_lib/pyFC/mathtools.py:141: RuntimeWarning: invalid value encountered in sqrt
  return (np.exp(s*s) + 2)*np.sqrt(s*s - 1)
/home/davas/Documents/cnn_astro/src/pyFC_lib/pyFC/mathtools.py:141: RuntimeWarning: invalid value encountered in sqrt
  return (np.exp(s*s) + 2)*np.sqrt(s*s - 1)
/home/davas/Documents/cnn_astro/src/pyFC_lib/pyFC/mathtools.py:141: RuntimeWarning: invalid value encountered in sqrt
  return (np.exp(s*s) + 2)*np.sqrt(s*s - 1)
Batch    1/500 |    200/100000 (  0.2%) |   118.3 img/s | ETA   14.1 min
Batch    2/500 |    400/100000 (  0.4%) |   129.9 img/s | ETA   12.8 min
Batch    3/500 |    600/100000 (  0.6%) |   131.5 img/s | ETA   12.6 min
Batch    4/500 |    800/100000 (  0.8%) |   141.5 img/s | ETA   11.7 min
Batch    5/500 |   1000/100000 (  1.0%) |   151.7 img/s | ETA   10.9 min
Batch    6/500 |   1200/100000 (  1.2%) |   158.4 img/s | ETA   10.4 min
Batch    7/500 |   1400/100000 (  1.4%) |   164.6 img/s | ETA   10.0 min
Batch    8/500 |   1600/100000 (  1.6%) |   170.8 img/s | ETA    9.6 min
Batch    9/500 |   1800/100000 (  1.8%) |   174.8 img/s | ETA    9.4 min
Batch   10/500 |   2000/100000 (  2.0%) |   178.8 img/s | ETA    9.1 min
Batch   11/500 |   2200/100000 (  2.2%) |   182.7 img/s | ETA    8.9 min
Batch   12/500 |   2400/100000 (  2.4%) |   185.7 img/s | ETA    8.8 min
Batch   13/500 |   2600/100000 (  2.6%) |   188.6 img/s | ETA    8.6 min
Batch   14/500 |   2800/100000 (  2.8%) |   191.0 img/s | ETA    8.5 min
Batch   15/500 |   3000/100000 (  3.0%) |   192.2 img/s | ETA    8.4 min
Batch   16/500 |   3200/100000 (  3.2%) |   194.4 img/s | ETA    8.3 min
Batch   17/500 |   3400/100000 (  3.4%) |   195.6 img/s | ETA    8.2 min
Batch   18/500 |   3600/100000 (  3.6%) |   195.9 img/s | ETA    8.2 min
Batch   19/500 |   3800/100000 (  3.8%) |   197.1 img/s | ETA    8.1 min
Batch   20/500 |   4000/100000 (  4.0%) |   197.9 img/s | ETA    8.1 min
Batch   21/500 |   4200/100000 (  4.2%) |   198.4 img/s | ETA    8.0 min
Batch   22/500 |   4400/100000 (  4.4%) |   199.2 img/s | ETA    8.0 min
Batch   23/500 |   4600/100000 (  4.6%) |   200.2 img/s | ETA    7.9 min
Batch   24/500 |   4800/100000 (  4.8%) |   201.2 img/s | ETA    7.9 min
Batch   25/500 |   5000/100000 (  5.0%) |   202.3 img/s | ETA    7.8 min
Batch   26/500 |   5200/100000 (  5.2%) |   202.4 img/s | ETA    7.8 min
Batch   27/500 |   5400/100000 (  5.4%) |   203.2 img/s | ETA    7.8 min
Batch   28/500 |   5600/100000 (  5.6%) |   203.2 img/s | ETA    7.7 min
Batch   29/500 |   5800/100000 (  5.8%) |   203.1 img/s | ETA    7.7 min
Batch   30/500 |   6000/100000 (  6.0%) |   202.8 img/s | ETA    7.7 min
Batch   31/500 |   6200/100000 (  6.2%) |   202.2 img/s | ETA    7.7 min
Batch   32/500 |   6400/100000 (  6.4%) |   202.1 img/s | ETA    7.7 min
Batch   33/500 |   6600/100000 (  6.6%) |   202.0 img/s | ETA    7.7 min
Batch   34/500 |   6800/100000 (  6.8%) |   202.0 img/s | ETA    7.7 min
Batch   35/500 |   7000/100000 (  7.0%) |   201.9 img/s | ETA    7.7 min
Batch   36/500 |   7200/100000 (  7.2%) |   202.1 img/s | ETA    7.7 min
Batch   37/500 |   7400/100000 (  7.4%) |   202.1 img/s | ETA    7.6 min
Batch   38/500 |   7600/100000 (  7.6%) |   202.1 img/s | ETA    7.6 min
Batch   39/500 |   7800/100000 (  7.8%) |   202.0 img/s | ETA    7.6 min
Batch   40/500 |   8000/100000 (  8.0%) |   202.3 img/s | ETA    7.6 min
Batch   41/500 |   8200/100000 (  8.2%) |   202.1 img/s | ETA    7.6 min
Batch   42/500 |   8400/100000 (  8.4%) |   202.0 img/s | ETA    7.6 min
Batch   43/500 |   8600/100000 (  8.6%) |   201.9 img/s | ETA    7.5 min
Batch   44/500 |   8800/100000 (  8.8%) |   202.1 img/s | ETA    7.5 min
Batch   45/500 |   9000/100000 (  9.0%) |   202.1 img/s | ETA    7.5 min
Batch   46/500 |   9200/100000 (  9.2%) |   202.4 img/s | ETA    7.5 min
Batch   47/500 |   9400/100000 (  9.4%) |   202.3 img/s | ETA    7.5 min
Batch   48/500 |   9600/100000 (  9.6%) |   202.1 img/s | ETA    7.5 min
Batch   49/500 |   9800/100000 (  9.8%) |   202.1 img/s | ETA    7.4 min
Batch   50/500 |  10000/100000 ( 10.0%) |   202.1 img/s | ETA    7.4 min
Batch   51/500 |  10200/100000 ( 10.2%) |   202.3 img/s | ETA    7.4 min
Batch   52/500 |  10400/100000 ( 10.4%) |   202.7 img/s | ETA    7.4 min
Batch   53/500 |  10600/100000 ( 10.6%) |   203.0 img/s | ETA    7.3 min
Batch   54/500 |  10800/100000 ( 10.8%) |   203.3 img/s | ETA    7.3 min
Batch   55/500 |  11000/100000 ( 11.0%) |   203.3 img/s | ETA    7.3 min
Batch   56/500 |  11200/100000 ( 11.2%) |   203.4 img/s | ETA    7.3 min
Batch   57/500 |  11400/100000 ( 11.4%) |   203.6 img/s | ETA    7.3 min
Batch   58/500 |  11600/100000 ( 11.6%) |   203.6 img/s | ETA    7.2 min
Batch   59/500 |  11800/100000 ( 11.8%) |   203.5 img/s | ETA    7.2 min
Batch   60/500 |  12000/100000 ( 12.0%) |   203.2 img/s | ETA    7.2 min
Batch   61/500 |  12200/100000 ( 12.2%) |   203.1 img/s | ETA    7.2 min
Batch   62/500 |  12400/100000 ( 12.4%) |   203.2 img/s | ETA    7.2 min
Batch   63/500 |  12600/100000 ( 12.6%) |   203.3 img/s | ETA    7.2 min
Batch   64/500 |  12800/100000 ( 12.8%) |   203.3 img/s | ETA    7.1 min
Batch   65/500 |  13000/100000 ( 13.0%) |   203.5 img/s | ETA    7.1 min
Batch   66/500 |  13200/100000 ( 13.2%) |   203.6 img/s | ETA    7.1 min
Batch   67/500 |  13400/100000 ( 13.4%) |   203.9 img/s | ETA    7.1 min
Batch   68/500 |  13600/100000 ( 13.6%) |   204.1 img/s | ETA    7.1 min
Batch   69/500 |  13800/100000 ( 13.8%) |   204.2 img/s | ETA    7.0 min
Batch   70/500 |  14000/100000 ( 14.0%) |   204.4 img/s | ETA    7.0 min
Batch   71/500 |  14200/100000 ( 14.2%) |   204.6 img/s | ETA    7.0 min
Batch   72/500 |  14400/100000 ( 14.4%) |   204.8 img/s | ETA    7.0 min
Batch   73/500 |  14600/100000 ( 14.6%) |   205.0 img/s | ETA    6.9 min
Batch   74/500 |  14800/100000 ( 14.8%) |   205.2 img/s | ETA    6.9 min
Batch   75/500 |  15000/100000 ( 15.0%) |   205.4 img/s | ETA    6.9 min
Batch   76/500 |  15200/100000 ( 15.2%) |   205.5 img/s | ETA    6.9 min
Batch   77/500 |  15400/100000 ( 15.4%) |   205.6 img/s | ETA    6.9 min
Batch   78/500 |  15600/100000 ( 15.6%) |   205.7 img/s | ETA    6.8 min
Batch   79/500 |  15800/100000 ( 15.8%) |   205.7 img/s | ETA    6.8 min
Batch   80/500 |  16000/100000 ( 16.0%) |   205.7 img/s | ETA    6.8 min
Batch   81/500 |  16200/100000 ( 16.2%) |   205.7 img/s | ETA    6.8 min
Batch   82/500 |  16400/100000 ( 16.4%) |   205.9 img/s | ETA    6.8 min
Batch   83/500 |  16600/100000 ( 16.6%) |   206.0 img/s | ETA    6.7 min
Batch   84/500 |  16800/100000 ( 16.8%) |   206.1 img/s | ETA    6.7 min
Batch   85/500 |  17000/100000 ( 17.0%) |   206.1 img/s | ETA    6.7 min
Batch   86/500 |  17200/100000 ( 17.2%) |   206.2 img/s | ETA    6.7 min
Batch   87/500 |  17400/100000 ( 17.4%) |   205.9 img/s | ETA    6.7 min
Batch   88/500 |  17600/100000 ( 17.6%) |   205.8 img/s | ETA    6.7 min
Batch   89/500 |  17800/100000 ( 17.8%) |   206.0 img/s | ETA    6.7 min
Batch   90/500 |  18000/100000 ( 18.0%) |   206.1 img/s | ETA    6.6 min
Batch   91/500 |  18200/100000 ( 18.2%) |   206.2 img/s | ETA    6.6 min
Batch   92/500 |  18400/100000 ( 18.4%) |   206.0 img/s | ETA    6.6 min
Batch   93/500 |  18600/100000 ( 18.6%) |   206.0 img/s | ETA    6.6 min
Batch   94/500 |  18800/100000 ( 18.8%) |   206.2 img/s | ETA    6.6 min
Batch   95/500 |  19000/100000 ( 19.0%) |   206.3 img/s | ETA    6.5 min
Batch   96/500 |  19200/100000 ( 19.2%) |   206.3 img/s | ETA    6.5 min
Batch   97/500 |  19400/100000 ( 19.4%) |   206.3 img/s | ETA    6.5 min
Batch   98/500 |  19600/100000 ( 19.6%) |   206.3 img/s | ETA    6.5 min
Batch   99/500 |  19800/100000 ( 19.8%) |   206.3 img/s | ETA    6.5 min
Batch  100/500 |  20000/100000 ( 20.0%) |   206.3 img/s | ETA    6.5 min
Batch  101/500 |  20200/100000 ( 20.2%) |   206.2 img/s | ETA    6.5 min
Batch  102/500 |  20400/100000 ( 20.4%) |   206.2 img/s | ETA    6.4 min
Batch  103/500 |  20600/100000 ( 20.6%) |   206.2 img/s | ETA    6.4 min
Batch  104/500 |  20800/100000 ( 20.8%) |   206.3 img/s | ETA    6.4 min
Batch  105/500 |  21000/100000 ( 21.0%) |   206.3 img/s | ETA    6.4 min
Batch  106/500 |  21200/100000 ( 21.2%) |   206.4 img/s | ETA    6.4 min
Batch  107/500 |  21400/100000 ( 21.4%) |   206.4 img/s | ETA    6.3 min
Batch  108/500 |  21600/100000 ( 21.6%) |   206.3 img/s | ETA    6.3 min
Batch  109/500 |  21800/100000 ( 21.8%) |   206.4 img/s | ETA    6.3 min
Batch  110/500 |  22000/100000 ( 22.0%) |   206.3 img/s | ETA    6.3 min
Batch  111/500 |  22200/100000 ( 22.2%) |   206.4 img/s | ETA    6.3 min
Batch  112/500 |  22400/100000 ( 22.4%) |   206.4 img/s | ETA    6.3 min
Batch  113/500 |  22600/100000 ( 22.6%) |   206.4 img/s | ETA    6.2 min
Batch  114/500 |  22800/100000 ( 22.8%) |   206.4 img/s | ETA    6.2 min
Batch  115/500 |  23000/100000 ( 23.0%) |   206.5 img/s | ETA    6.2 min
Batch  116/500 |  23200/100000 ( 23.2%) |   206.5 img/s | ETA    6.2 min
Batch  117/500 |  23400/100000 ( 23.4%) |   206.5 img/s | ETA    6.2 min
Batch  118/500 |  23600/100000 ( 23.6%) |   206.6 img/s | ETA    6.2 min
Batch  119/500 |  23800/100000 ( 23.8%) |   206.6 img/s | ETA    6.1 min
Batch  120/500 |  24000/100000 ( 24.0%) |   206.6 img/s | ETA    6.1 min
Batch  121/500 |  24200/100000 ( 24.2%) |   206.6 img/s | ETA    6.1 min
Batch  122/500 |  24400/100000 ( 24.4%) |   206.7 img/s | ETA    6.1 min
Batch  123/500 |  24600/100000 ( 24.6%) |   206.8 img/s | ETA    6.1 min
Batch  124/500 |  24800/100000 ( 24.8%) |   206.8 img/s | ETA    6.1 min
Batch  125/500 |  25000/100000 ( 25.0%) |   206.8 img/s | ETA    6.0 min
Batch  126/500 |  25200/100000 ( 25.2%) |   206.8 img/s | ETA    6.0 min
Batch  127/500 |  25400/100000 ( 25.4%) |   206.8 img/s | ETA    6.0 min
Batch  128/500 |  25600/100000 ( 25.6%) |   206.6 img/s | ETA    6.0 min
Batch  129/500 |  25800/100000 ( 25.8%) |   206.5 img/s | ETA    6.0 min
Batch  130/500 |  26000/100000 ( 26.0%) |   206.4 img/s | ETA    6.0 min
Batch  131/500 |  26200/100000 ( 26.2%) |   206.4 img/s | ETA    6.0 min
Batch  132/500 |  26400/100000 ( 26.4%) |   206.4 img/s | ETA    5.9 min
Batch  133/500 |  26600/100000 ( 26.6%) |   206.4 img/s | ETA    5.9 min
Batch  134/500 |  26800/100000 ( 26.8%) |   206.5 img/s | ETA    5.9 min
Batch  135/500 |  27000/100000 ( 27.0%) |   206.5 img/s | ETA    5.9 min
Batch  136/500 |  27200/100000 ( 27.2%) |   206.6 img/s | ETA    5.9 min
Batch  137/500 |  27400/100000 ( 27.4%) |   206.6 img/s | ETA    5.9 min
Batch  138/500 |  27600/100000 ( 27.6%) |   206.6 img/s | ETA    5.8 min
Batch  139/500 |  27800/100000 ( 27.8%) |   206.6 img/s | ETA    5.8 min
Batch  140/500 |  28000/100000 ( 28.0%) |   206.7 img/s | ETA    5.8 min
Batch  141/500 |  28200/100000 ( 28.2%) |   206.7 img/s | ETA    5.8 min
Batch  142/500 |  28400/100000 ( 28.4%) |   206.7 img/s | ETA    5.8 min
Batch  143/500 |  28600/100000 ( 28.6%) |   206.7 img/s | ETA    5.8 min
Batch  144/500 |  28800/100000 ( 28.8%) |   206.7 img/s | ETA    5.7 min
Batch  145/500 |  29000/100000 ( 29.0%) |   206.8 img/s | ETA    5.7 min
Batch  146/500 |  29200/100000 ( 29.2%) |   206.8 img/s | ETA    5.7 min
Batch  147/500 |  29400/100000 ( 29.4%) |   206.8 img/s | ETA    5.7 min
Batch  148/500 |  29600/100000 ( 29.6%) |   206.7 img/s | ETA    5.7 min
Batch  149/500 |  29800/100000 ( 29.8%) |   206.7 img/s | ETA    5.7 min
Batch  150/500 |  30000/100000 ( 30.0%) |   206.7 img/s | ETA    5.6 min
Batch  151/500 |  30200/100000 ( 30.2%) |   206.9 img/s | ETA    5.6 min
Batch  152/500 |  30400/100000 ( 30.4%) |   206.9 img/s | ETA    5.6 min
Batch  153/500 |  30600/100000 ( 30.6%) |   207.0 img/s | ETA    5.6 min
Batch  154/500 |  30800/100000 ( 30.8%) |   207.0 img/s | ETA    5.6 min
Batch  155/500 |  31000/100000 ( 31.0%) |   207.0 img/s | ETA    5.6 min
Batch  156/500 |  31200/100000 ( 31.2%) |   206.9 img/s | ETA    5.5 min
Batch  157/500 |  31400/100000 ( 31.4%) |   207.0 img/s | ETA    5.5 min
Batch  158/500 |  31600/100000 ( 31.6%) |   207.0 img/s | ETA    5.5 min
Batch  159/500 |  31800/100000 ( 31.8%) |   207.0 img/s | ETA    5.5 min
Batch  160/500 |  32000/100000 ( 32.0%) |   206.9 img/s | ETA    5.5 min
Batch  161/500 |  32200/100000 ( 32.2%) |   206.9 img/s | ETA    5.5 min
Batch  162/500 |  32400/100000 ( 32.4%) |   206.9 img/s | ETA    5.4 min
Batch  163/500 |  32600/100000 ( 32.6%) |   206.9 img/s | ETA    5.4 min
Batch  164/500 |  32800/100000 ( 32.8%) |   206.9 img/s | ETA    5.4 min
Batch  165/500 |  33000/100000 ( 33.0%) |   206.8 img/s | ETA    5.4 min
Batch  166/500 |  33200/100000 ( 33.2%) |   206.9 img/s | ETA    5.4 min
Batch  167/500 |  33400/100000 ( 33.4%) |   207.0 img/s | ETA    5.4 min
Batch  168/500 |  33600/100000 ( 33.6%) |   207.0 img/s | ETA    5.3 min
Batch  169/500 |  33800/100000 ( 33.8%) |   206.9 img/s | ETA    5.3 min
Batch  170/500 |  34000/100000 ( 34.0%) |   206.9 img/s | ETA    5.3 min
Batch  171/500 |  34200/100000 ( 34.2%) |   206.9 img/s | ETA    5.3 min
Batch  172/500 |  34400/100000 ( 34.4%) |   206.9 img/s | ETA    5.3 min
Batch  173/500 |  34600/100000 ( 34.6%) |   207.0 img/s | ETA    5.3 min
Batch  174/500 |  34800/100000 ( 34.8%) |   206.9 img/s | ETA    5.3 min
Batch  175/500 |  35000/100000 ( 35.0%) |   207.0 img/s | ETA    5.2 min
Batch  176/500 |  35200/100000 ( 35.2%) |   207.0 img/s | ETA    5.2 min
Batch  177/500 |  35400/100000 ( 35.4%) |   207.1 img/s | ETA    5.2 min
Batch  178/500 |  35600/100000 ( 35.6%) |   207.2 img/s | ETA    5.2 min
Batch  179/500 |  35800/100000 ( 35.8%) |   207.1 img/s | ETA    5.2 min
Batch  180/500 |  36000/100000 ( 36.0%) |   207.2 img/s | ETA    5.1 min
Batch  181/500 |  36200/100000 ( 36.2%) |   207.3 img/s | ETA    5.1 min
Batch  182/500 |  36400/100000 ( 36.4%) |   207.3 img/s | ETA    5.1 min
Batch  183/500 |  36600/100000 ( 36.6%) |   207.3 img/s | ETA    5.1 min
Batch  184/500 |  36800/100000 ( 36.8%) |   207.3 img/s | ETA    5.1 min
Batch  185/500 |  37000/100000 ( 37.0%) |   207.2 img/s | ETA    5.1 min
Batch  186/500 |  37200/100000 ( 37.2%) |   207.2 img/s | ETA    5.1 min
Batch  187/500 |  37400/100000 ( 37.4%) |   207.3 img/s | ETA    5.0 min
Batch  188/500 |  37600/100000 ( 37.6%) |   207.3 img/s | ETA    5.0 min
Batch  189/500 |  37800/100000 ( 37.8%) |   207.3 img/s | ETA    5.0 min
Batch  190/500 |  38000/100000 ( 38.0%) |   207.3 img/s | ETA    5.0 min
Batch  191/500 |  38200/100000 ( 38.2%) |   207.2 img/s | ETA    5.0 min
Batch  192/500 |  38400/100000 ( 38.4%) |   207.3 img/s | ETA    5.0 min
Batch  193/500 |  38600/100000 ( 38.6%) |   207.3 img/s | ETA    4.9 min
Batch  194/500 |  38800/100000 ( 38.8%) |   207.3 img/s | ETA    4.9 min
Batch  195/500 |  39000/100000 ( 39.0%) |   207.3 img/s | ETA    4.9 min
Batch  196/500 |  39200/100000 ( 39.2%) |   207.3 img/s | ETA    4.9 min
Batch  197/500 |  39400/100000 ( 39.4%) |   207.3 img/s | ETA    4.9 min
Batch  198/500 |  39600/100000 ( 39.6%) |   207.3 img/s | ETA    4.9 min
Batch  199/500 |  39800/100000 ( 39.8%) |   207.4 img/s | ETA    4.8 min
Batch  200/500 |  40000/100000 ( 40.0%) |   207.3 img/s | ETA    4.8 min
Batch  201/500 |  40200/100000 ( 40.2%) |   207.4 img/s | ETA    4.8 min
Batch  202/500 |  40400/100000 ( 40.4%) |   207.5 img/s | ETA    4.8 min
Batch  203/500 |  40600/100000 ( 40.6%) |   207.5 img/s | ETA    4.8 min
Batch  204/500 |  40800/100000 ( 40.8%) |   207.4 img/s | ETA    4.8 min
Batch  205/500 |  41000/100000 ( 41.0%) |   207.4 img/s | ETA    4.7 min
Batch  206/500 |  41200/100000 ( 41.2%) |   207.5 img/s | ETA    4.7 min
Batch  207/500 |  41400/100000 ( 41.4%) |   207.6 img/s | ETA    4.7 min
Batch  208/500 |  41600/100000 ( 41.6%) |   207.6 img/s | ETA    4.7 min
Batch  209/500 |  41800/100000 ( 41.8%) |   207.6 img/s | ETA    4.7 min
Batch  210/500 |  42000/100000 ( 42.0%) |   207.5 img/s | ETA    4.7 min
Batch  211/500 |  42200/100000 ( 42.2%) |   207.6 img/s | ETA    4.6 min
Batch  212/500 |  42400/100000 ( 42.4%) |   207.7 img/s | ETA    4.6 min
Batch  213/500 |  42600/100000 ( 42.6%) |   207.7 img/s | ETA    4.6 min
Batch  214/500 |  42800/100000 ( 42.8%) |   207.7 img/s | ETA    4.6 min
Batch  215/500 |  43000/100000 ( 43.0%) |   207.8 img/s | ETA    4.6 min
Batch  216/500 |  43200/100000 ( 43.2%) |   207.8 img/s | ETA    4.6 min
Batch  217/500 |  43400/100000 ( 43.4%) |   207.8 img/s | ETA    4.5 min
Batch  218/500 |  43600/100000 ( 43.6%) |   207.9 img/s | ETA    4.5 min
Batch  219/500 |  43800/100000 ( 43.8%) |   208.0 img/s | ETA    4.5 min
Batch  220/500 |  44000/100000 ( 44.0%) |   208.0 img/s | ETA    4.5 min
Batch  221/500 |  44200/100000 ( 44.2%) |   207.8 img/s | ETA    4.5 min
Batch  222/500 |  44400/100000 ( 44.4%) |   207.9 img/s | ETA    4.5 min
Batch  223/500 |  44600/100000 ( 44.6%) |   207.9 img/s | ETA    4.4 min
Batch  224/500 |  44800/100000 ( 44.8%) |   208.0 img/s | ETA    4.4 min
Batch  225/500 |  45000/100000 ( 45.0%) |   208.0 img/s | ETA    4.4 min
Batch  226/500 |  45200/100000 ( 45.2%) |   208.0 img/s | ETA    4.4 min
Batch  227/500 |  45400/100000 ( 45.4%) |   208.1 img/s | ETA    4.4 min
Batch  228/500 |  45600/100000 ( 45.6%) |   208.1 img/s | ETA    4.4 min
Batch  229/500 |  45800/100000 ( 45.8%) |   208.1 img/s | ETA    4.3 min
Batch  230/500 |  46000/100000 ( 46.0%) |   208.1 img/s | ETA    4.3 min
Batch  231/500 |  46200/100000 ( 46.2%) |   208.1 img/s | ETA    4.3 min
Batch  232/500 |  46400/100000 ( 46.4%) |   208.0 img/s | ETA    4.3 min
Batch  233/500 |  46600/100000 ( 46.6%) |   208.0 img/s | ETA    4.3 min
Batch  234/500 |  46800/100000 ( 46.8%) |   207.9 img/s | ETA    4.3 min
Batch  235/500 |  47000/100000 ( 47.0%) |   207.9 img/s | ETA    4.2 min
Batch  236/500 |  47200/100000 ( 47.2%) |   208.0 img/s | ETA    4.2 min
Batch  237/500 |  47400/100000 ( 47.4%) |   207.9 img/s | ETA    4.2 min
Batch  238/500 |  47600/100000 ( 47.6%) |   208.0 img/s | ETA    4.2 min
Batch  239/500 |  47800/100000 ( 47.8%) |   208.0 img/s | ETA    4.2 min
Batch  240/500 |  48000/100000 ( 48.0%) |   208.0 img/s | ETA    4.2 min
Batch  241/500 |  48200/100000 ( 48.2%) |   208.0 img/s | ETA    4.1 min
Batch  242/500 |  48400/100000 ( 48.4%) |   208.1 img/s | ETA    4.1 min
Batch  243/500 |  48600/100000 ( 48.6%) |   208.1 img/s | ETA    4.1 min
Batch  244/500 |  48800/100000 ( 48.8%) |   208.1 img/s | ETA    4.1 min
Batch  245/500 |  49000/100000 ( 49.0%) |   208.1 img/s | ETA    4.1 min
Batch  246/500 |  49200/100000 ( 49.2%) |   208.1 img/s | ETA    4.1 min
Batch  247/500 |  49400/100000 ( 49.4%) |   208.1 img/s | ETA    4.1 min
Batch  248/500 |  49600/100000 ( 49.6%) |   208.2 img/s | ETA    4.0 min
Batch  249/500 |  49800/100000 ( 49.8%) |   208.2 img/s | ETA    4.0 min
Batch  250/500 |  50000/100000 ( 50.0%) |   208.2 img/s | ETA    4.0 min
Batch  251/500 |  50200/100000 ( 50.2%) |   208.3 img/s | ETA    4.0 min
Batch  252/500 |  50400/100000 ( 50.4%) |   208.3 img/s | ETA    4.0 min
Batch  253/500 |  50600/100000 ( 50.6%) |   208.4 img/s | ETA    4.0 min
Batch  254/500 |  50800/100000 ( 50.8%) |   208.4 img/s | ETA    3.9 min
Batch  255/500 |  51000/100000 ( 51.0%) |   208.5 img/s | ETA    3.9 min
Batch  256/500 |  51200/100000 ( 51.2%) |   208.5 img/s | ETA    3.9 min
Batch  257/500 |  51400/100000 ( 51.4%) |   208.5 img/s | ETA    3.9 min
Batch  258/500 |  51600/100000 ( 51.6%) |   208.5 img/s | ETA    3.9 min
Batch  259/500 |  51800/100000 ( 51.8%) |   208.6 img/s | ETA    3.9 min
Batch  260/500 |  52000/100000 ( 52.0%) |   208.6 img/s | ETA    3.8 min
Batch  261/500 |  52200/100000 ( 52.2%) |   208.5 img/s | ETA    3.8 min
Batch  262/500 |  52400/100000 ( 52.4%) |   208.6 img/s | ETA    3.8 min
Batch  263/500 |  52600/100000 ( 52.6%) |   208.6 img/s | ETA    3.8 min
Batch  264/500 |  52800/100000 ( 52.8%) |   208.5 img/s | ETA    3.8 min
Batch  265/500 |  53000/100000 ( 53.0%) |   208.6 img/s | ETA    3.8 min
Batch  266/500 |  53200/100000 ( 53.2%) |   208.6 img/s | ETA    3.7 min
Batch  267/500 |  53400/100000 ( 53.4%) |   208.6 img/s | ETA    3.7 min
Batch  268/500 |  53600/100000 ( 53.6%) |   208.6 img/s | ETA    3.7 min
Batch  269/500 |  53800/100000 ( 53.8%) |   208.5 img/s | ETA    3.7 min
Batch  270/500 |  54000/100000 ( 54.0%) |   208.5 img/s | ETA    3.7 min
Batch  271/500 |  54200/100000 ( 54.2%) |   208.4 img/s | ETA    3.7 min
Batch  272/500 |  54400/100000 ( 54.4%) |   208.4 img/s | ETA    3.6 min
Batch  273/500 |  54600/100000 ( 54.6%) |   208.4 img/s | ETA    3.6 min
Batch  274/500 |  54800/100000 ( 54.8%) |   208.4 img/s | ETA    3.6 min
Batch  275/500 |  55000/100000 ( 55.0%) |   208.4 img/s | ETA    3.6 min
Batch  276/500 |  55200/100000 ( 55.2%) |   208.4 img/s | ETA    3.6 min
Batch  277/500 |  55400/100000 ( 55.4%) |   208.4 img/s | ETA    3.6 min
Batch  278/500 |  55600/100000 ( 55.6%) |   208.4 img/s | ETA    3.6 min
Batch  279/500 |  55800/100000 ( 55.8%) |   208.3 img/s | ETA    3.5 min
Batch  280/500 |  56000/100000 ( 56.0%) |   208.3 img/s | ETA    3.5 min
Batch  281/500 |  56200/100000 ( 56.2%) |   208.3 img/s | ETA    3.5 min
Batch  282/500 |  56400/100000 ( 56.4%) |   208.2 img/s | ETA    3.5 min
Batch  283/500 |  56600/100000 ( 56.6%) |   208.2 img/s | ETA    3.5 min
Batch  284/500 |  56800/100000 ( 56.8%) |   208.1 img/s | ETA    3.5 min
Batch  285/500 |  57000/100000 ( 57.0%) |   208.1 img/s | ETA    3.4 min
Batch  286/500 |  57200/100000 ( 57.2%) |   208.0 img/s | ETA    3.4 min
Batch  287/500 |  57400/100000 ( 57.4%) |   208.0 img/s | ETA    3.4 min
Batch  288/500 |  57600/100000 ( 57.6%) |   207.9 img/s | ETA    3.4 min
Batch  289/500 |  57800/100000 ( 57.8%) |   207.9 img/s | ETA    3.4 min
Batch  290/500 |  58000/100000 ( 58.0%) |   207.9 img/s | ETA    3.4 min
Batch  291/500 |  58200/100000 ( 58.2%) |   207.9 img/s | ETA    3.4 min
Batch  292/500 |  58400/100000 ( 58.4%) |   207.9 img/s | ETA    3.3 min
Batch  293/500 |  58600/100000 ( 58.6%) |   207.9 img/s | ETA    3.3 min
Batch  294/500 |  58800/100000 ( 58.8%) |   207.9 img/s | ETA    3.3 min
Batch  295/500 |  59000/100000 ( 59.0%) |   208.0 img/s | ETA    3.3 min
Batch  296/500 |  59200/100000 ( 59.2%) |   208.0 img/s | ETA    3.3 min
Batch  297/500 |  59400/100000 ( 59.4%) |   208.0 img/s | ETA    3.3 min
Batch  298/500 |  59600/100000 ( 59.6%) |   208.0 img/s | ETA    3.2 min
Batch  299/500 |  59800/100000 ( 59.8%) |   208.0 img/s | ETA    3.2 min
Batch  300/500 |  60000/100000 ( 60.0%) |   208.1 img/s | ETA    3.2 min
Batch  301/500 |  60200/100000 ( 60.2%) |   208.1 img/s | ETA    3.2 min
Batch  302/500 |  60400/100000 ( 60.4%) |   208.2 img/s | ETA    3.2 min
Batch  303/500 |  60600/100000 ( 60.6%) |   208.2 img/s | ETA    3.2 min
Batch  304/500 |  60800/100000 ( 60.8%) |   208.3 img/s | ETA    3.1 min
Batch  305/500 |  61000/100000 ( 61.0%) |   208.3 img/s | ETA    3.1 min
Batch  306/500 |  61200/100000 ( 61.2%) |   208.3 img/s | ETA    3.1 min
Batch  307/500 |  61400/100000 ( 61.4%) |   208.4 img/s | ETA    3.1 min
Batch  308/500 |  61600/100000 ( 61.6%) |   208.4 img/s | ETA    3.1 min
Batch  309/500 |  61800/100000 ( 61.8%) |   208.5 img/s | ETA    3.1 min
Batch  310/500 |  62000/100000 ( 62.0%) |   208.5 img/s | ETA    3.0 min
Batch  311/500 |  62200/100000 ( 62.2%) |   208.6 img/s | ETA    3.0 min
Batch  312/500 |  62400/100000 ( 62.4%) |   208.6 img/s | ETA    3.0 min
Batch  313/500 |  62600/100000 ( 62.6%) |   208.6 img/s | ETA    3.0 min
Batch  314/500 |  62800/100000 ( 62.8%) |   208.7 img/s | ETA    3.0 min
Batch  315/500 |  63000/100000 ( 63.0%) |   208.8 img/s | ETA    3.0 min
Batch  316/500 |  63200/100000 ( 63.2%) |   208.8 img/s | ETA    2.9 min
Batch  317/500 |  63400/100000 ( 63.4%) |   208.9 img/s | ETA    2.9 min
Batch  318/500 |  63600/100000 ( 63.6%) |   208.9 img/s | ETA    2.9 min
Batch  319/500 |  63800/100000 ( 63.8%) |   208.9 img/s | ETA    2.9 min
Batch  320/500 |  64000/100000 ( 64.0%) |   209.0 img/s | ETA    2.9 min
Batch  321/500 |  64200/100000 ( 64.2%) |   209.0 img/s | ETA    2.9 min
Batch  322/500 |  64400/100000 ( 64.4%) |   209.1 img/s | ETA    2.8 min
Batch  323/500 |  64600/100000 ( 64.6%) |   209.2 img/s | ETA    2.8 min
Batch  324/500 |  64800/100000 ( 64.8%) |   209.2 img/s | ETA    2.8 min
Batch  325/500 |  65000/100000 ( 65.0%) |   209.2 img/s | ETA    2.8 min
Batch  326/500 |  65200/100000 ( 65.2%) |   209.3 img/s | ETA    2.8 min
Batch  327/500 |  65400/100000 ( 65.4%) |   209.3 img/s | ETA    2.8 min
Batch  328/500 |  65600/100000 ( 65.6%) |   209.3 img/s | ETA    2.7 min
Batch  329/500 |  65800/100000 ( 65.8%) |   209.3 img/s | ETA    2.7 min
Batch  330/500 |  66000/100000 ( 66.0%) |   209.4 img/s | ETA    2.7 min
Batch  331/500 |  66200/100000 ( 66.2%) |   209.5 img/s | ETA    2.7 min
Batch  332/500 |  66400/100000 ( 66.4%) |   209.5 img/s | ETA    2.7 min
Batch  333/500 |  66600/100000 ( 66.6%) |   209.6 img/s | ETA    2.7 min
Batch  334/500 |  66800/100000 ( 66.8%) |   209.6 img/s | ETA    2.6 min
Batch  335/500 |  67000/100000 ( 67.0%) |   209.7 img/s | ETA    2.6 min
Batch  336/500 |  67200/100000 ( 67.2%) |   209.7 img/s | ETA    2.6 min
Batch  337/500 |  67400/100000 ( 67.4%) |   209.7 img/s | ETA    2.6 min
Batch  338/500 |  67600/100000 ( 67.6%) |   209.8 img/s | ETA    2.6 min
Batch  339/500 |  67800/100000 ( 67.8%) |   209.8 img/s | ETA    2.6 min
Batch  340/500 |  68000/100000 ( 68.0%) |   209.8 img/s | ETA    2.5 min
Batch  341/500 |  68200/100000 ( 68.2%) |   209.9 img/s | ETA    2.5 min
Batch  342/500 |  68400/100000 ( 68.4%) |   209.9 img/s | ETA    2.5 min
Batch  343/500 |  68600/100000 ( 68.6%) |   209.9 img/s | ETA    2.5 min
Batch  344/500 |  68800/100000 ( 68.8%) |   209.9 img/s | ETA    2.5 min
Batch  345/500 |  69000/100000 ( 69.0%) |   210.0 img/s | ETA    2.5 min
Batch  346/500 |  69200/100000 ( 69.2%) |   210.0 img/s | ETA    2.4 min
Batch  347/500 |  69400/100000 ( 69.4%) |   210.0 img/s | ETA    2.4 min
Batch  348/500 |  69600/100000 ( 69.6%) |   210.1 img/s | ETA    2.4 min
Batch  349/500 |  69800/100000 ( 69.8%) |   210.1 img/s | ETA    2.4 min
Batch  350/500 |  70000/100000 ( 70.0%) |   210.1 img/s | ETA    2.4 min
Batch  351/500 |  70200/100000 ( 70.2%) |   210.2 img/s | ETA    2.4 min
Batch  352/500 |  70400/100000 ( 70.4%) |   210.2 img/s | ETA    2.3 min
Batch  353/500 |  70600/100000 ( 70.6%) |   210.2 img/s | ETA    2.3 min
Batch  354/500 |  70800/100000 ( 70.8%) |   210.3 img/s | ETA    2.3 min
Batch  355/500 |  71000/100000 ( 71.0%) |   210.3 img/s | ETA    2.3 min
Batch  356/500 |  71200/100000 ( 71.2%) |   210.3 img/s | ETA    2.3 min
Batch  357/500 |  71400/100000 ( 71.4%) |   210.4 img/s | ETA    2.3 min
Batch  358/500 |  71600/100000 ( 71.6%) |   210.4 img/s | ETA    2.2 min
Batch  359/500 |  71800/100000 ( 71.8%) |   210.5 img/s | ETA    2.2 min
Batch  360/500 |  72000/100000 ( 72.0%) |   210.5 img/s | ETA    2.2 min
Batch  361/500 |  72200/100000 ( 72.2%) |   210.6 img/s | ETA    2.2 min
Batch  362/500 |  72400/100000 ( 72.4%) |   210.6 img/s | ETA    2.2 min
Batch  363/500 |  72600/100000 ( 72.6%) |   210.7 img/s | ETA    2.2 min
Batch  364/500 |  72800/100000 ( 72.8%) |   210.7 img/s | ETA    2.2 min
Batch  365/500 |  73000/100000 ( 73.0%) |   210.8 img/s | ETA    2.1 min
Batch  366/500 |  73200/100000 ( 73.2%) |   210.8 img/s | ETA    2.1 min
Batch  367/500 |  73400/100000 ( 73.4%) |   210.8 img/s | ETA    2.1 min
Batch  368/500 |  73600/100000 ( 73.6%) |   210.8 img/s | ETA    2.1 min
Batch  369/500 |  73800/100000 ( 73.8%) |   210.8 img/s | ETA    2.1 min
Batch  370/500 |  74000/100000 ( 74.0%) |   210.8 img/s | ETA    2.1 min
Batch  371/500 |  74200/100000 ( 74.2%) |   210.9 img/s | ETA    2.0 min
Batch  372/500 |  74400/100000 ( 74.4%) |   210.9 img/s | ETA    2.0 min
Batch  373/500 |  74600/100000 ( 74.6%) |   210.9 img/s | ETA    2.0 min
Batch  374/500 |  74800/100000 ( 74.8%) |   210.9 img/s | ETA    2.0 min
Batch  375/500 |  75000/100000 ( 75.0%) |   211.0 img/s | ETA    2.0 min
Batch  376/500 |  75200/100000 ( 75.2%) |   211.0 img/s | ETA    2.0 min
Batch  377/500 |  75400/100000 ( 75.4%) |   211.1 img/s | ETA    1.9 min
Batch  378/500 |  75600/100000 ( 75.6%) |   211.1 img/s | ETA    1.9 min
Batch  379/500 |  75800/100000 ( 75.8%) |   211.1 img/s | ETA    1.9 min
Batch  380/500 |  76000/100000 ( 76.0%) |   211.2 img/s | ETA    1.9 min
Batch  381/500 |  76200/100000 ( 76.2%) |   211.2 img/s | ETA    1.9 min
Batch  382/500 |  76400/100000 ( 76.4%) |   211.2 img/s | ETA    1.9 min
Batch  383/500 |  76600/100000 ( 76.6%) |   211.2 img/s | ETA    1.8 min
Batch  384/500 |  76800/100000 ( 76.8%) |   211.3 img/s | ETA    1.8 min
Batch  385/500 |  77000/100000 ( 77.0%) |   211.3 img/s | ETA    1.8 min
Batch  386/500 |  77200/100000 ( 77.2%) |   211.4 img/s | ETA    1.8 min
Batch  387/500 |  77400/100000 ( 77.4%) |   211.4 img/s | ETA    1.8 min
Batch  388/500 |  77600/100000 ( 77.6%) |   211.4 img/s | ETA    1.8 min
Batch  389/500 |  77800/100000 ( 77.8%) |   211.5 img/s | ETA    1.7 min
Batch  390/500 |  78000/100000 ( 78.0%) |   211.5 img/s | ETA    1.7 min
Batch  391/500 |  78200/100000 ( 78.2%) |   211.5 img/s | ETA    1.7 min
Batch  392/500 |  78400/100000 ( 78.4%) |   211.6 img/s | ETA    1.7 min
Batch  393/500 |  78600/100000 ( 78.6%) |   211.6 img/s | ETA    1.7 min
Batch  394/500 |  78800/100000 ( 78.8%) |   211.7 img/s | ETA    1.7 min
Batch  395/500 |  79000/100000 ( 79.0%) |   211.7 img/s | ETA    1.7 min
Batch  396/500 |  79200/100000 ( 79.2%) |   211.7 img/s | ETA    1.6 min
Batch  397/500 |  79400/100000 ( 79.4%) |   211.8 img/s | ETA    1.6 min
Batch  398/500 |  79600/100000 ( 79.6%) |   211.8 img/s | ETA    1.6 min
Batch  399/500 |  79800/100000 ( 79.8%) |   211.8 img/s | ETA    1.6 min
Batch  400/500 |  80000/100000 ( 80.0%) |   211.8 img/s | ETA    1.6 min
Batch  401/500 |  80200/100000 ( 80.2%) |   211.9 img/s | ETA    1.6 min
Batch  402/500 |  80400/100000 ( 80.4%) |   211.9 img/s | ETA    1.5 min
Batch  403/500 |  80600/100000 ( 80.6%) |   212.0 img/s | ETA    1.5 min
Batch  404/500 |  80800/100000 ( 80.8%) |   212.0 img/s | ETA    1.5 min
Batch  405/500 |  81000/100000 ( 81.0%) |   212.0 img/s | ETA    1.5 min
Batch  406/500 |  81200/100000 ( 81.2%) |   212.1 img/s | ETA    1.5 min
Batch  407/500 |  81400/100000 ( 81.4%) |   212.1 img/s | ETA    1.5 min
Batch  408/500 |  81600/100000 ( 81.6%) |   212.1 img/s | ETA    1.4 min
Batch  409/500 |  81800/100000 ( 81.8%) |   212.1 img/s | ETA    1.4 min
Batch  410/500 |  82000/100000 ( 82.0%) |   212.2 img/s | ETA    1.4 min
Batch  411/500 |  82200/100000 ( 82.2%) |   212.2 img/s | ETA    1.4 min
Batch  412/500 |  82400/100000 ( 82.4%) |   212.2 img/s | ETA    1.4 min
Batch  413/500 |  82600/100000 ( 82.6%) |   212.3 img/s | ETA    1.4 min
Batch  414/500 |  82800/100000 ( 82.8%) |   212.3 img/s | ETA    1.4 min
Batch  415/500 |  83000/100000 ( 83.0%) |   212.4 img/s | ETA    1.3 min
Batch  416/500 |  83200/100000 ( 83.2%) |   212.4 img/s | ETA    1.3 min
Batch  417/500 |  83400/100000 ( 83.4%) |   212.4 img/s | ETA    1.3 min
Batch  418/500 |  83600/100000 ( 83.6%) |   212.4 img/s | ETA    1.3 min
Batch  419/500 |  83800/100000 ( 83.8%) |   212.4 img/s | ETA    1.3 min
Batch  420/500 |  84000/100000 ( 84.0%) |   212.5 img/s | ETA    1.3 min
Batch  421/500 |  84200/100000 ( 84.2%) |   212.5 img/s | ETA    1.2 min
Batch  422/500 |  84400/100000 ( 84.4%) |   212.5 img/s | ETA    1.2 min
Batch  423/500 |  84600/100000 ( 84.6%) |   212.5 img/s | ETA    1.2 min
Batch  424/500 |  84800/100000 ( 84.8%) |   212.5 img/s | ETA    1.2 min
Batch  425/500 |  85000/100000 ( 85.0%) |   212.6 img/s | ETA    1.2 min
Batch  426/500 |  85200/100000 ( 85.2%) |   212.6 img/s | ETA    1.2 min
Batch  427/500 |  85400/100000 ( 85.4%) |   212.6 img/s | ETA    1.1 min
Batch  428/500 |  85600/100000 ( 85.6%) |   212.7 img/s | ETA    1.1 min
Batch  429/500 |  85800/100000 ( 85.8%) |   212.7 img/s | ETA    1.1 min
Batch  430/500 |  86000/100000 ( 86.0%) |   212.8 img/s | ETA    1.1 min
Batch  431/500 |  86200/100000 ( 86.2%) |   212.8 img/s | ETA    1.1 min
Batch  432/500 |  86400/100000 ( 86.4%) |   212.8 img/s | ETA    1.1 min
Batch  433/500 |  86600/100000 ( 86.6%) |   212.9 img/s | ETA    1.0 min
Batch  434/500 |  86800/100000 ( 86.8%) |   212.9 img/s | ETA    1.0 min
Batch  435/500 |  87000/100000 ( 87.0%) |   212.9 img/s | ETA    1.0 min
Batch  436/500 |  87200/100000 ( 87.2%) |   212.9 img/s | ETA    1.0 min
Batch  437/500 |  87400/100000 ( 87.4%) |   213.0 img/s | ETA    1.0 min
Batch  438/500 |  87600/100000 ( 87.6%) |   213.0 img/s | ETA    1.0 min
Batch  439/500 |  87800/100000 ( 87.8%) |   213.0 img/s | ETA    1.0 min
Batch  440/500 |  88000/100000 ( 88.0%) |   213.1 img/s | ETA    0.9 min
Batch  441/500 |  88200/100000 ( 88.2%) |   213.1 img/s | ETA    0.9 min
Batch  442/500 |  88400/100000 ( 88.4%) |   213.1 img/s | ETA    0.9 min
Batch  443/500 |  88600/100000 ( 88.6%) |   213.2 img/s | ETA    0.9 min
Batch  444/500 |  88800/100000 ( 88.8%) |   213.2 img/s | ETA    0.9 min
Batch  445/500 |  89000/100000 ( 89.0%) |   213.2 img/s | ETA    0.9 min
Batch  446/500 |  89200/100000 ( 89.2%) |   213.3 img/s | ETA    0.8 min
Batch  447/500 |  89400/100000 ( 89.4%) |   213.3 img/s | ETA    0.8 min
Batch  448/500 |  89600/100000 ( 89.6%) |   213.3 img/s | ETA    0.8 min
Batch  449/500 |  89800/100000 ( 89.8%) |   213.4 img/s | ETA    0.8 min
Batch  450/500 |  90000/100000 ( 90.0%) |   213.4 img/s | ETA    0.8 min
Batch  451/500 |  90200/100000 ( 90.2%) |   213.4 img/s | ETA    0.8 min
Batch  452/500 |  90400/100000 ( 90.4%) |   213.4 img/s | ETA    0.7 min
Batch  453/500 |  90600/100000 ( 90.6%) |   213.4 img/s | ETA    0.7 min
Batch  454/500 |  90800/100000 ( 90.8%) |   213.5 img/s | ETA    0.7 min
Batch  455/500 |  91000/100000 ( 91.0%) |   213.5 img/s | ETA    0.7 min
Batch  456/500 |  91200/100000 ( 91.2%) |   213.5 img/s | ETA    0.7 min
Batch  457/500 |  91400/100000 ( 91.4%) |   213.5 img/s | ETA    0.7 min
Batch  458/500 |  91600/100000 ( 91.6%) |   213.6 img/s | ETA    0.7 min
Batch  459/500 |  91800/100000 ( 91.8%) |   213.6 img/s | ETA    0.6 min
Batch  460/500 |  92000/100000 ( 92.0%) |   213.6 img/s | ETA    0.6 min
Batch  461/500 |  92200/100000 ( 92.2%) |   213.7 img/s | ETA    0.6 min
Batch  462/500 |  92400/100000 ( 92.4%) |   213.7 img/s | ETA    0.6 min
Batch  463/500 |  92600/100000 ( 92.6%) |   213.7 img/s | ETA    0.6 min
Batch  464/500 |  92800/100000 ( 92.8%) |   213.8 img/s | ETA    0.6 min
Batch  465/500 |  93000/100000 ( 93.0%) |   213.8 img/s | ETA    0.5 min
Batch  466/500 |  93200/100000 ( 93.2%) |   213.8 img/s | ETA    0.5 min
Batch  467/500 |  93400/100000 ( 93.4%) |   213.8 img/s | ETA    0.5 min
Batch  468/500 |  93600/100000 ( 93.6%) |   213.8 img/s | ETA    0.5 min
Batch  469/500 |  93800/100000 ( 93.8%) |   213.9 img/s | ETA    0.5 min
Batch  470/500 |  94000/100000 ( 94.0%) |   213.9 img/s | ETA    0.5 min
Batch  471/500 |  94200/100000 ( 94.2%) |   213.9 img/s | ETA    0.5 min
Batch  472/500 |  94400/100000 ( 94.4%) |   214.0 img/s | ETA    0.4 min
Batch  473/500 |  94600/100000 ( 94.6%) |   214.0 img/s | ETA    0.4 min
Batch  474/500 |  94800/100000 ( 94.8%) |   214.0 img/s | ETA    0.4 min
Batch  475/500 |  95000/100000 ( 95.0%) |   214.0 img/s | ETA    0.4 min
Batch  476/500 |  95200/100000 ( 95.2%) |   214.0 img/s | ETA    0.4 min
Batch  477/500 |  95400/100000 ( 95.4%) |   214.1 img/s | ETA    0.4 min
Batch  478/500 |  95600/100000 ( 95.6%) |   214.1 img/s | ETA    0.3 min
Batch  479/500 |  95800/100000 ( 95.8%) |   214.1 img/s | ETA    0.3 min
Batch  480/500 |  96000/100000 ( 96.0%) |   214.1 img/s | ETA    0.3 min
Batch  481/500 |  96200/100000 ( 96.2%) |   214.1 img/s | ETA    0.3 min
Batch  482/500 |  96400/100000 ( 96.4%) |   214.2 img/s | ETA    0.3 min
Batch  483/500 |  96600/100000 ( 96.6%) |   214.2 img/s | ETA    0.3 min
Batch  484/500 |  96800/100000 ( 96.8%) |   214.2 img/s | ETA    0.2 min
Batch  485/500 |  97000/100000 ( 97.0%) |   214.2 img/s | ETA    0.2 min
Batch  486/500 |  97200/100000 ( 97.2%) |   214.3 img/s | ETA    0.2 min
Batch  487/500 |  97400/100000 ( 97.4%) |   214.3 img/s | ETA    0.2 min
Batch  488/500 |  97600/100000 ( 97.6%) |   214.3 img/s | ETA    0.2 min
Batch  489/500 |  97800/100000 ( 97.8%) |   214.4 img/s | ETA    0.2 min
Batch  490/500 |  98000/100000 ( 98.0%) |   214.4 img/s | ETA    0.2 min
Batch  491/500 |  98200/100000 ( 98.2%) |   214.4 img/s | ETA    0.1 min
Batch  492/500 |  98400/100000 ( 98.4%) |   214.5 img/s | ETA    0.1 min
Batch  493/500 |  98600/100000 ( 98.6%) |   214.5 img/s | ETA    0.1 min
Batch  494/500 |  98800/100000 ( 98.8%) |   214.5 img/s | ETA    0.1 min
Batch  495/500 |  99000/100000 ( 99.0%) |   214.5 img/s | ETA    0.1 min
Batch  496/500 |  99200/100000 ( 99.2%) |   214.6 img/s | ETA    0.1 min
Batch  497/500 |  99400/100000 ( 99.4%) |   214.6 img/s | ETA    0.0 min
Batch  498/500 |  99600/100000 ( 99.6%) |   214.6 img/s | ETA    0.0 min
Batch  499/500 |  99800/100000 ( 99.8%) |   214.6 img/s | ETA    0.0 min
Batch  500/500 | 100000/100000 (100.0%) |   214.6 img/s | ETA    0.0 min
======================================================================
OK  7.8 min   5746 MB   214.6 img/s
    /home/davas/Documents/cnn_astro/data/raw/balanced_4param_128x128_100000.h5
    /home/davas/Documents/cnn_astro/data/raw/perf/balanced_4param_128x128_100000_perf.json
======================================================================
